../Core/Src/main.c:96:6:PID_Init	24	static
../Core/Src/main.c:110:7:PID_Compute	56	static
../Core/Src/main.c:159:9:MAX6675_ReadRaw	16	static
../Core/Src/main.c:166:7:MAX6675_ReadTempC	16	static
../Core/Src/main.c:185:6:ssd1306_draw_string	16	static
../Core/Src/main.c:197:6:ssd1306_draw_char	24	static
../Core/Src/main.c:214:6:ssd1306_cmd	32	static
../Core/Src/main.c:220:6:ssd1306_data	160	static
../Core/Src/main.c:228:6:ssd1306_init	8	static
../Core/Src/main.c:262:6:ssd1306_clear	144	static
../Core/Src/main.c:275:6:ssd1306_char	16	static
../Core/Src/main.c:288:5:main	80	static
../Core/Src/main.c:400:6:SystemClock_Config	88	static
../Core/Src/main.c:442:13:MX_I2C1_Init	8	static
../Core/Src/main.c:476:13:MX_SPI2_Init	8	static
../Core/Src/main.c:514:13:MX_GPIO_Init	40	static
../Core/Src/main.c:577:6:Error_Handler	4	static,ignoring_inline_asm
