../Core/Src/main.c:127:6:float_to_string_1dp	32	static
../Core/Src/main.c:145:10:MAX6675_ReadRaw	16	static
../Core/Src/main.c:160:7:MAX6675_ReadTempC	16	static
../Core/Src/main.c:172:6:ssd1306_draw_big_digit	24	static
../Core/Src/main.c:190:6:ssd1306_draw_big_number	32	static
../Core/Src/main.c:204:6:ssd1306_draw_string	16	static
../Core/Src/main.c:217:6:ssd1306_draw_char	24	static
../Core/Src/main.c:234:6:ssd1306_cmd	32	static
../Core/Src/main.c:240:6:ssd1306_data	160	static
../Core/Src/main.c:248:6:ssd1306_init	8	static
../Core/Src/main.c:282:6:ssd1306_clear	144	static
../Core/Src/main.c:295:6:ssd1306_char	16	static
../Core/Src/main.c:310:5:main	24	static
../Core/Src/main.c:776:6:SystemClock_Config	88	static
../Core/Src/main.c:818:13:MX_I2C1_Init	8	static
../Core/Src/main.c:852:13:MX_SPI2_Init	8	static
../Core/Src/main.c:890:13:MX_GPIO_Init	40	static
../Core/Src/main.c:952:6:Error_Handler	4	static,ignoring_inline_asm
