../Core/Src/main.c:73:9:MAX6675_ReadRaw	16	static
../Core/Src/main.c:80:7:MAX6675_ReadTempC	16	static
../Core/Src/main.c:99:6:ssd1306_draw_string	16	static
../Core/Src/main.c:111:6:ssd1306_draw_char	24	static
../Core/Src/main.c:128:6:ssd1306_cmd	32	static
../Core/Src/main.c:134:6:ssd1306_data	160	static
../Core/Src/main.c:142:6:ssd1306_init	8	static
../Core/Src/main.c:176:6:ssd1306_clear	144	static
../Core/Src/main.c:189:6:ssd1306_char	16	static
../Core/Src/main.c:202:5:main	40	static
../Core/Src/main.c:255:6:SystemClock_Config	88	static
../Core/Src/main.c:297:13:MX_I2C1_Init	8	static
../Core/Src/main.c:331:13:MX_SPI2_Init	8	static
../Core/Src/main.c:369:13:MX_GPIO_Init	40	static
../Core/Src/main.c:431:6:Error_Handler	4	static,ignoring_inline_asm
