../Core/Src/main.c:66:6:ssd1306_draw_string	16	static
../Core/Src/main.c:79:6:ssd1306_draw_char	24	static
../Core/Src/main.c:96:6:ssd1306_cmd	32	static
../Core/Src/main.c:102:6:ssd1306_data	160	static
../Core/Src/main.c:110:6:ssd1306_init	8	static
../Core/Src/main.c:144:6:ssd1306_clear	144	static
../Core/Src/main.c:157:6:ssd1306_char	16	static
../Core/Src/main.c:172:5:main	8	static
../Core/Src/main.c:232:6:SystemClock_Config	88	static
../Core/Src/main.c:274:13:MX_I2C1_Init	8	static
../Core/Src/main.c:308:13:MX_GPIO_Init	40	static
../Core/Src/main.c:349:6:Error_Handler	4	static,ignoring_inline_asm
